 *******************************************************************************
 **  MOPAC: Public Domain Version              Written by James J. P. Stewart **
 *******************************************************************************

                                 AM1 CALCULATION RESULTS


 *******************************************************************************
 *                   MOPAC   7.10               CALC'D. Tue Aug 21 16:37:14 2007
 *  BONDS    - FINAL BOND-ORDER MATRIX TO BE PRINTED
 *  NOMM     - DO NOT MAKE MM CORRECTION TO CONH BARRIER
 *  MULLIK   - THE MULLIKEN ANALYSIS TO BE PERFORMED
 *   T=      - A TIME OF  3600.000 SECONDS REQUESTED
 *  DUMP=N   - RESTART FILE WRITTEN EVERY  3600.000 SECONDS
 *  AM1      - THE AM1 HAMILTONIAN TO BE USED
 *  NOINTER  - INTERATOMIC DISTANCES NOT TO BE PRINTED
 *******************************************************************************
 AM1 NOINTER NOMM BONDS MULLIK
 EXAMPLE OF MOPAC DATA-SET FOR ETHYLENE
 The only geometric constraint is that the system must be planar

    ATOM   CHEMICAL  BOND LENGTH    BOND ANGLE     TWIST ANGLE
   NUMBER  SYMBOL    (ANGSTROMS)     (DEGREES)      (DEGREES)
    (I)                  NA:I          NB:NA:I      NC:NB:NA:I     NA   NB   NC

      1      C       
      2      C         1.30000  *                                  1
      3      H         1.10000  *     120.00000  *                 2    1
      4      H         1.10000  *     120.00000  *    0.00000      1    2    3
      5      H         1.10000  *     120.00000  *  180.00000      1    2    3
      6      H         1.10000  *     120.00000  *    0.00000      2    1    5


          CARTESIAN COORDINATES 

    NO.       ATOM         X         Y         Z

     1         C        0.0000    0.0000    0.0000
     2         C        1.3000    0.0000    0.0000
     3         H        1.8500    0.9526    0.0000
     4         H       -0.5500    0.9526    0.0000
     5         H       -0.5500   -0.9526    0.0000
     6         H        1.8500   -0.9526    0.0000
  H: (AM1): M.J.S. DEWAR ET AL, J. AM. CHEM. SOC. 107 3902-3909 (1985)          
  C: (AM1): M.J.S. DEWAR ET AL, J. AM. CHEM. SOC. 107 3902-3909 (1985)          


      MOLECULAR POINT GROUP   :   D2h 


      RHF CALCULATION, NO. OF DOUBLY OCCUPIED LEVELS =  6
 CYCLE:   1 TIME:   0.000 TIME LEFT:  1.00H  GRAD.:     7.795 HEAT: 16.48574    
 TEST ON GRADIENT SATISFIED
                    HOWEVER, A COMPONENT OF GRADIENT IS LARGER THAN  1.00

 CYCLE:   2 TIME:   0.000 TIME LEFT:  1.00H  GRAD.:     2.718 HEAT: 16.45352    
 TEST ON GRADIENT SATISFIED
PETERS TEST SATISFIED

 -------------------------------------------------------------------------------
 AM1 NOINTER NOMM BONDS MULLIK
 EXAMPLE OF MOPAC DATA-SET FOR ETHYLENE
 The only geometric constraint is that the system must be planar


     PETERS TEST WAS SATISFIED IN BFGS OPTIMIZATION           
     SCF FIELD WAS ACHIEVED                                   


                                AM1    CALCULATION
                                                       MOPAC  7.10
                                                       Tue Aug 21 16:37:14 2007




          FINAL HEAT OF FORMATION =         16.44941 KCAL =     68.82431 KJ


          TOTAL ENERGY            =       -310.36241 EV
          ELECTRONIC ENERGY       =       -737.55178 EV  POINT GROUP:     D2h 
          CORE-CORE REPULSION     =        427.18937 EV

          IONIZATION POTENTIAL    =         10.55151
          NO. OF FILLED LEVELS    =          6
          MOLECULAR WEIGHT        =     28.054

          MOLECULAR DIMENSIONS (Angstroms)

            Atom       Atom       Distance
            H     6    H     4     3.11933
            H     5    H     3     2.97756
            C     2    H     5     0.00000


          SCF CALCULATIONS  =                6
          COMPUTATION TIME =   0.016 SECONDS





    ATOM   CHEMICAL  BOND LENGTH    BOND ANGLE     TWIST ANGLE
   NUMBER  SYMBOL    (ANGSTROMS)     (DEGREES)      (DEGREES)
    (I)                  NA:I          NB:NA:I      NC:NB:NA:I     NA   NB   NC

      1      C       
      2      C         1.32598  *                                  1
      3      H         1.09821  *     122.71782  *                 2    1
      4      H         1.09818  *     122.72329  *    0.00000      1    2    3
      5      H         1.09817  *     122.70957  *  180.00000      1    2    3
      6      H         1.09820  *     122.70436  *    0.00000      2    1    5


      MOLECULAR POINT GROUP   :   D2h 


                  EIGENVALUES

 -33.15719 -21.88977 -15.79511 -14.30265 -11.83650 -10.55151   1.43756   4.01115
   4.39704   5.08356   5.55947   5.79144


              NET ATOMIC CHARGES AND DIPOLE CONTRIBUTIONS

         ATOM NO.   TYPE          CHARGE        ATOM  ELECTRON DENSITY
           1          C          -0.217955        4.2180
           2          C          -0.217944        4.2179
           3          H           0.108990        0.8910
           4          H           0.108979        0.8910
           5          H           0.108959        0.8910
           6          H           0.108971        0.8910
 DIPOLE           X         Y         Z       TOTAL
 POINT-CHG.     0.000     0.000     0.000     0.000
 HYBRID         0.000     0.000     0.000     0.000
 SUM            0.000     0.000     0.000     0.000


          CARTESIAN COORDINATES 

    NO.       ATOM               X         Y         Z

     1         C                  0.0000    0.0000    0.0000
     2         C                  1.3260    0.0000    0.0000
     3         H                  1.9196    0.9240    0.0000
     4         H                 -0.5937    0.9239    0.0000
     5         H                 -0.5934   -0.9240    0.0000
     6         H                  1.9193   -0.9241    0.0000


          ATOMIC ORBITAL ELECTRON POPULATIONS

   1.24447   0.95567   1.01781   1.00000   1.24448   0.95567   1.01779   1.00000
   0.89101   0.89102   0.89104   0.89103

          BONDING CONTRIBUTION OF EACH M.O.

  1.7171  1.7940  2.0686  2.1237  2.1093  2.0000 -2.0000 -1.8862 -2.0512 -2.0231
 -1.9269 -1.9251





                    BOND ORDERS AND VALENCIES


                  C  1       C  2       H  3       H  4       H  5       H  6
 ------------------------------------------------------------------------------
     C    1   3.930036
     C    2   2.001879   3.930025
     H    3   0.006529   0.957542   0.988121
     H    4   0.957548   0.006529   0.001797   0.988123
     H    5   0.957554   0.006526   0.013939   0.008311   0.988128
     H    6   0.006525   0.957548   0.008315   0.013939   0.001798   0.988125

           MULLIKEN POPULATION ANALYSIS


               S  C  1   PX  C  1   PY  C  1   PZ  C  1    S  C  2   PX  C  2
 ------------------------------------------------------------------------------
  S  C    1   1.468019
 PX  C    1   0.000000   0.869892
 PY  C    1   0.000000   0.000000   0.988803
 PZ  C    1   0.000000   0.000000   0.000000   1.000004
  S  C    2  -0.006882   0.092499   0.000000   0.000000   1.468022
 PX  C    2   0.092517   0.155347   0.000000   0.000000   0.000000   0.869889
 PY  C    2   0.000000   0.000000  -0.000005   0.000000   0.000000   0.000000
 PZ  C    2   0.000000   0.000000   0.000000   0.203018   0.000000   0.000000
  S  H    3  -0.014629  -0.020786  -0.004414   0.000000   0.114667   0.064041
  S  H    4   0.114661   0.064052   0.191596   0.000000  -0.014628  -0.020786
  S  H    5   0.114650   0.064010   0.191653   0.000000  -0.014634  -0.020791
  S  H    6  -0.014635  -0.020791  -0.004416   0.000000   0.114656   0.063999


              PY  C  2   PZ  C  2    S  H  3    S  H  4    S  H  5    S  H  6
 ------------------------------------------------------------------------------
 PY  C    2   0.988795
 PZ  C    2   0.000000   0.999996
  S  H    3   0.191598   0.000000   0.836631
  S  H    4  -0.004414   0.000000  -0.004674   0.836639
  S  H    5  -0.004416   0.000000   0.003373  -0.039911   0.836660
  S  H    6   0.191654   0.000000  -0.039899   0.003373  -0.004680   0.836650



        MULLIKEN POPULATIONS AND CHARGES

      NO.  ATOM   POPULATION      CHARGE
        1    C     4.326718     -0.326718
        2    C     4.326702     -0.326702
        3    H     0.836631      0.163369
        4    H     0.836639      0.163361
        5    H     0.836660      0.163340
        6    H     0.836650      0.163350



 TOTAL CPU TIME:             0.02 SECONDS

 == MOPAC DONE ==
